[www.bestmining.website/index.html]
[www.bestmining.website/assets/front/css/bootstrap.min.css]
[www.bestmining.website/assets/front/css/flaticon.css]
[www.bestmining.website/assets/front/css/odometer.min.css]
[www.bestmining.website/assets/front/css/meanmenu.css]
[www.bestmining.website/assets/front/css/animate.min.css]
[www.bestmining.website/assets/front/css/magnific-popup.min.css]
[www.bestmining.website/assets/front/css/nice-select.min.css]
[www.bestmining.website/assets/front/css/owl.carousel.min.css]
[www.bestmining.website/assets/front/css/fontawesome.min.css]
[www.bestmining.website/assets/front/css/custom.css]
[www.bestmining.website/assets/front/css/style.css]
[www.bestmining.website/assets/front/css/responsive.css]
[www.bestmining.website/assets/front/model/jquery-3.2.1.slim.min.js]
[www.bestmining.website/assets/front/model/popper.min.js]
[backblue.gif]
[fade.gif]
[index.html]
[www.bestmining.website/assets/front/model/bootstrap.min.js]
[www.bestmining.website/assets/front/img/favicon.png]
[www.bestmining.website/assets/front/img/Bestmining_White.png]
[www.bestmining.website/assets/front/img/Bestmining.png]
[www.bestmining.website/affiliate.html]
[www.bestmining.website/pricing.html]
[www.bestmining.website/payouts.html]
[www.bestmining.website/faqs.html]
[www.bestmining.website/contact-us.html]
[www.bestmining.website/assets/front/img/new/Bitcoin_banner.png]
[www.bestmining.website/assets/front/img/home-two/main-image.png]
[www.bestmining.website/assets/front/img/main-banner-shape/home-shape-2.png]
[www.bestmining.website/assets/front/img/main-banner-shape/dot.png]
[www.bestmining.website/assets/front/img/new/Features/Low-maintance-fees.png]
[www.bestmining.website/assets/front/img/new/Features/Instant-withdrawal.png]
[www.bestmining.website/assets/front/img/new/Features/Advance-Security.png]
[www.bestmining.website/assets/front/img/new/Features/Latest-hardware.png]
[www.bestmining.website/assets/front/img/new/Features/Instant-Connect.png]
[www.bestmining.website/assets/front/img/new/Features/Stable-service.png]
[www.bestmining.website/assets/front/img/new/marketing-01.png]
[www.bestmining.website/about.html]
[www.bestmining.website/assets/front/img/new/Sign-up.png]
[www.bestmining.website/assets/front/img/new/Pricing-plans.png]
[www.bestmining.website/assets/front/img/new/Upgrade-Plans.png]
[www.bestmining.website/assets/front/img/new/Share-your-referral-link.png]
[www.bestmining.website/assets/front/img/new/Withdraw-Your-Bitcoins.png]
[www.bestmining.website/assets/front/img/new/Upgrade-Renew-Contract.png]
[www.bestmining.website/assets/front/img/new/marketing-02.png]
[www.bestmining.website/assets/front/img/client/1.jpg]
[www.bestmining.website/assets/front/img/client/2.jpg]
[www.bestmining.website/assets/front/img/shape/testimonial-shape-1.png]
[www.bestmining.website/assets/front/img/shape/testimonial-shape-2.png]
[www.bestmining.website/assets/front/img/shape/testimonial-shape-3.png]
[www.bestmining.website/assets/front/img/subscribe.png]
[www.bestmining.website/terms-conditions.html]
[www.bestmining.website/privacy-policy.html]
[www.bestmining.website/disclaimer.html]
[www.bestmining.website/cookie-policy.html]
[www.bestmining.website/cdn-cgi/l/email-protection.html]
[www.bestmining.website/assets/front/img/shape/partnar-shape-2.png]
[www.bestmining.website/cdn-cgi/scripts/5c5dd728/cloudflare-static/email-decode.min.js]
[www.bestmining.website/assets/front/js/jquery.min.js]
[www.bestmining.website/assets/front/js/popper.min.js]
[www.bestmining.website/assets/front/js/bootstrap.min.js]
[www.bestmining.website/assets/front/js/jquery.meanmenu.js]
[www.bestmining.website/assets/front/js/jquery.appear.min.js]
[www.bestmining.website/assets/front/js/odometer.min.js]
[www.bestmining.website/assets/front/js/owl.carousel.min.js]
[www.bestmining.website/assets/front/js/jquery.magnific-popup.min.js]
[www.bestmining.website/assets/front/js/jquery.nice-select.min.js]
[www.bestmining.website/assets/front/js/jquery.ajaxchimp.min.js]
[www.bestmining.website/assets/front/js/wow.min.js]
[www.bestmining.website/assets/front/js/form-validator.min.js]
[www.bestmining.website/assets/front/js/contact-form-script.js]
[www.bestmining.website/assets/front/js/main.js]
[www.bestmining.website/assets/front/js/wallet-address-validator.min.js]
[www.google.com/recaptcha/api.js]
[www.bestmining.website/index.html]
[www.bestmining.website/assets/front/css/bootstrap.min.css]
[www.bestmining.website/assets/front/css/animate.min.css]
[www.bestmining.website/assets/front/fonts/Flaticon.eot]
[www.bestmining.website/assets/front/fonts/Flaticond41dd41d.eot]
[www.bestmining.website/assets/front/fonts/Flaticon.woff2]
[www.bestmining.website/assets/front/fonts/Flaticon.woff]
[www.bestmining.website/assets/front/fonts/Flaticon.ttf]
[www.bestmining.website/assets/front/fonts/Flaticon.svg]
[www.bestmining.website/assets/front/css/flaticon.css]
[www.bestmining.website/assets/front/css/odometer.min.css]
[www.bestmining.website/assets/front/css/meanmenu.css]
[www.bestmining.website/assets/front/css/magnific-popup.min.css]
[www.bestmining.website/assets/front/css/nice-select.min.css]
[www.bestmining.website/assets/front/css/owl.carousel.min.css]
[www.bestmining.website/assets/front/css/owl.video.play.html]
[www.bestmining.website/assets/front/fonts/fa-brands-400.eot]
[www.bestmining.website/assets/front/fonts/fa-brands-400.woff2]
[www.bestmining.website/assets/front/fonts/fa-brands-400.woff]
[www.bestmining.website/assets/front/fonts/fa-brands-400d41dd41d.eot]
[www.bestmining.website/assets/front/fonts/fa-brands-400.ttf]
[www.bestmining.website/assets/front/fonts/fa-regular-400.eot]
[www.bestmining.website/assets/front/fonts/fa-regular-400d41dd41d.eot]
[www.bestmining.website/assets/front/fonts/fa-brands-400.svg]
[www.bestmining.website/assets/front/fonts/fa-regular-400.woff2]
[www.bestmining.website/assets/front/fonts/fa-regular-400.woff]
[www.bestmining.website/assets/front/fonts/fa-regular-400.ttf]
[www.bestmining.website/assets/front/fonts/fa-regular-400.svg]
[www.bestmining.website/assets/front/fonts/fa-solid-900d41dd41d.eot]
[www.bestmining.website/assets/front/fonts/fa-solid-900.woff2]
[www.bestmining.website/assets/front/fonts/fa-solid-900.woff]
[www.bestmining.website/assets/front/fonts/fa-solid-900.eot]
[www.bestmining.website/assets/front/fonts/fa-solid-900.ttf]
[www.bestmining.website/assets/front/css/fontawesome.min.css]
[www.bestmining.website/assets/front/img/counter-bg.jpg]
[www.bestmining.website/assets/front/img/blog-details/1.jpg]
[www.bestmining.website/assets/front/img/blog-details/2.jpg]
[www.bestmining.website/assets/front/img/blog-details/3.jpg]
[www.bestmining.website/assets/front/img/page-title-bg.jpg]
[www.bestmining.website/assets/front/fonts/fa-solid-900.svg]
[www.bestmining.website/assets/front/img/page-title-bg-2.jpg]
[www.bestmining.website/assets/front/img/page-title-bg-3.jpg]
[www.bestmining.website/assets/front/img/page-title-bg-4.jpg]
[www.bestmining.website/assets/front/img/page-title-bg-5.jpg]
[www.bestmining.website/assets/front/img/footer-bg.jpg]
[www.bestmining.website/assets/front/css/style.css]
[www.bestmining.website/assets/front/css/custom.css]
[www.bestmining.website/assets/front/css/responsive.css]
[www.bestmining.website/assets/front/img/new/seo-optimization-01.png]
[www.bestmining.website/assets/front/img/new/Affiliates/Share-Your-Referral-Link.png]
[www.bestmining.website/assets/front/img/new/Affiliates/Make-YouTube-Review-Video.png]
[www.bestmining.website/assets/front/img/new/Affiliates/Write-Blog-Post.png]
[www.bestmining.website/assets/front/img/new/Affiliates/Promote-your-link-on.png]
[www.bestmining.website/assets/front/img/new/Affiliates/Affiliate-Program.png]
[www.bestmining.website/assets/front/img/new/Affiliates/Referral-Bonus.png]
[www.bestmining.website/affiliate.html]
[www.bestmining.website/pricing.html]
[ajax.googleapis.com/ajax/libs/jquery/1.6.1/jquery.min.js]
[www.bestmining.website/payouts.html]
[www.bestmining.website/faqs.html]
[www.bestmining.website/assets/front/img/contact.png]
[www.bestmining.website/contact-us.html]
[www.bestmining.website/about.html]
[www.bestmining.website/terms-conditions.html]
[www.bestmining.website/privacy-policy.html]
[www.bestmining.website/disclaimer.html]
[www.bestmining.website/cookie-policy.html]
[www.bestmining.website/cdn-cgi/l/email-protection.html]
[www.bestmining.website/assets/front/fonts/Flaticon.svg]
[www.bestmining.website/assets/front/css/owl.video.play.html]
[www.bestmining.website/assets/front/fonts/fa-brands-400.svg]
[www.bestmining.website/assets/front/fonts/fa-regular-400.svg]
[www.bestmining.website/assets/front/fonts/fa-solid-900.svg]
